
Memory Configuration

Name             Origin             Length             Attributes
flash            0x0000000000000000 0x0000000020000000 xr
sram             0x0000000020000000 0x0000000020000000 xrw
*default*        0x0000000000000000 0xffffffffffffffff

Linker script and memory map


.text           0x0000000000000000      0x130
 *(.vector*)
 .vectors       0x0000000000000000       0x14 startup.o
                0x0000000000000000                g_u_vectors
 *(.text*)
 .text          0x0000000000000014       0x8c main.o
                0x0000000000000014                main
 .text          0x00000000000000a0       0x90 startup.o
                0x00000000000000a0                NMI_Handler
                0x00000000000000a0                MemoryManagement_Handler
                0x00000000000000a0                default_Handler
                0x00000000000000a0                Hardfault_Handler
                0x00000000000000ac                Reset_Handler
 *(.rodata)
                0x0000000000000130                _E_text_ = .

.glue_7         0x0000000000000130        0x0
 .glue_7        0x0000000000000130        0x0 linker stubs

.glue_7t        0x0000000000000130        0x0
 .glue_7t       0x0000000000000130        0x0 linker stubs

.vfp11_veneer   0x0000000000000130        0x0
 .vfp11_veneer  0x0000000000000130        0x0 linker stubs

.v4_bx          0x0000000000000130        0x0
 .v4_bx         0x0000000000000130        0x0 linker stubs

.iplt           0x0000000000000130        0x0
 .iplt          0x0000000000000130        0x0 main.o

.rel.dyn        0x0000000000000130        0x0
 .rel.iplt      0x0000000000000130        0x0 main.o

.data           0x0000000020000000        0x0 load address 0x0000000000000130
                0x0000000020000000                _S_data_ = .
 *(.data*)
 .data          0x0000000020000000        0x0 main.o
 .data          0x0000000020000000        0x0 startup.o
                0x0000000020000000                . = ALIGN (0x4)
                0x0000000020000000                _E_data_ = .

.igot.plt       0x0000000020000000        0x0 load address 0x0000000000000130
 .igot.plt      0x0000000020000000        0x0 main.o

.bss            0x0000000020000000      0x400 load address 0x0000000000000130
                0x0000000020000000                _S_bss_ = .
 *(.bss*)
 .bss           0x0000000020000000        0x0 main.o
 .bss           0x0000000020000000      0x400 startup.o
                0x0000000020000400                . = ALIGN (0x4)
                0x0000000020000400                _E_bss_ = .
LOAD main.o
LOAD startup.o
OUTPUT(learn_in_depth_cortex_m4.elf elf32-littlearm)

.debug_info     0x0000000000000000      0x22d
 .debug_info    0x0000000000000000       0x65 main.o
 .debug_info    0x0000000000000065      0x1c8 startup.o

.debug_abbrev   0x0000000000000000      0x141
 .debug_abbrev  0x0000000000000000       0x5a main.o
 .debug_abbrev  0x000000000000005a       0xe7 startup.o

.debug_loc      0x0000000000000000       0xb4
 .debug_loc     0x0000000000000000       0x38 main.o
 .debug_loc     0x0000000000000038       0x7c startup.o

.debug_aranges  0x0000000000000000       0x40
 .debug_aranges
                0x0000000000000000       0x20 main.o
 .debug_aranges
                0x0000000000000020       0x20 startup.o

.debug_line     0x0000000000000000      0x255
 .debug_line    0x0000000000000000       0x63 main.o
 .debug_line    0x0000000000000063      0x1f2 startup.o

.debug_str      0x0000000000000000      0x1bc
 .debug_str     0x0000000000000000       0xca main.o
                                         0xdc (size before relaxing)
 .debug_str     0x00000000000000ca       0xf2 startup.o
                                        0x1e5 (size before relaxing)

.comment        0x0000000000000000       0x7b
 .comment       0x0000000000000000       0x7b main.o
                                         0x7c (size before relaxing)
 .comment       0x000000000000007b       0x7c startup.o

.ARM.attributes
                0x0000000000000000       0x33
 .ARM.attributes
                0x0000000000000000       0x33 main.o
 .ARM.attributes
                0x0000000000000033       0x33 startup.o

.debug_frame    0x0000000000000000       0x7c
 .debug_frame   0x0000000000000000       0x2c main.o
 .debug_frame   0x000000000000002c       0x50 startup.o
